// Jest Snapshot v1, https://goo.gl/fbAQLP

exports[`Button test should render a default button 1`] = `
<div>
  <button
    className="button"
    disabled={false}
    onClick={[Function]}
  >
    Button item
  </button>
</div>
`;
